vRC9sBNt9vs_10_16,